[0m[1mrandom_password.db: Creating...[0m[0m
[0m[1mrandom_password.db: Creation complete after 0s [id=none][0m
[0m[1maws_ssm_parameter.db_password: Creating...[0m[0m
[0m[1maws_db_parameter_group.main: Creating...[0m[0m
[0m[1maws_iam_role.ec2: Creating...[0m[0m
[0m[1maws_vpc.main: Creating...[0m[0m
[0m[1maws_ssm_parameter.db_password: Creation complete after 0s [id=/cwm-bench/typical-scale-2x-r3-20261009/db-password][0m
[0m[1mdata.aws_iam_policy_document.app_ssm_db: Reading...[0m[0m
[0m[1mdata.aws_iam_policy_document.app_ssm_db: Read complete after 0s [id=4077893493][0m
[0m[1maws_iam_role.ec2: Creation complete after 0s [id=cwm-bench-ec2-typical-scale-2x-r3-20261009][0m
[0m[1maws_iam_role_policy.app_ssm_db: Creating...[0m[0m
[0m[1maws_iam_role_policy_attachment.ssm: Creating...[0m[0m
[0m[1maws_iam_instance_profile.ec2: Creating...[0m[0m
[0m[1maws_iam_role_policy_attachment.ssm: Creation complete after 1s [id=cwm-bench-ec2-typical-scale-2x-r3-20261009-20261009160344612000000001][0m
[0m[1maws_iam_role_policy.app_ssm_db: Creation complete after 1s [id=cwm-bench-ec2-typical-scale-2x-r3-20261009:read-db-password][0m
[0m[1maws_db_parameter_group.main: Creation complete after 1s [id=cwm-bench-typical-scale-2x-r3-20261009][0m
[0m[1maws_iam_instance_profile.ec2: Creation complete after 7s [id=cwm-bench-ec2-typical-scale-2x-r3-20261009][0m
[0m[1maws_vpc.main: Still creating... [10s elapsed][0m[0m
[0m[1maws_vpc.main: Creation complete after 12s [id=vpc-018c199d5f2dc580a][0m
[0m[1maws_security_group.generator: Creating...[0m[0m
[0m[1maws_subnet.private[0]: Creating...[0m[0m
[0m[1maws_security_group.alb: Creating...[0m[0m
[0m[1maws_security_group.rds: Creating...[0m[0m
[0m[1maws_security_group.app: Creating...[0m[0m
[0m[1maws_subnet.public[1]: Creating...[0m[0m
[0m[1maws_subnet.public[0]: Creating...[0m[0m
[0m[1maws_internet_gateway.main: Creating...[0m[0m
[0m[1maws_subnet.private[1]: Creating...[0m[0m
[0m[1maws_lb_target_group.app: Creating...[0m[0m
[0m[1maws_internet_gateway.main: Creation complete after 1s [id=igw-096b7fa5bff0702ad][0m
[0m[1maws_route_table.public: Creating...[0m[0m
[0m[1maws_subnet.private[0]: Creation complete after 1s [id=subnet-04b19824627bf6d26][0m
[0m[1maws_route_table.private: Creating...[0m[0m
[0m[1maws_lb_target_group.app: Creation complete after 1s [id=arn:aws:elasticloadbalancing:us-east-2:REDACTED:targetgroup/cwm-bench-app/ffa918ce1ea8a08e][0m
[0m[1maws_route_table.private: Creation complete after 1s [id=rtb-0c1fa3eb670e5d244][0m
[0m[1maws_route_table.public: Creation complete after 1s [id=rtb-0c85979c7f9462ef8][0m
[0m[1maws_security_group.alb: Creation complete after 2s [id=sg-0b2bdbbabbec77907][0m
[0m[1maws_security_group.rds: Creation complete after 2s [id=sg-0be68dfcec9fbb4d4][0m
[0m[1maws_security_group.app: Creation complete after 2s [id=sg-0b45b41871abbcd24][0m
[0m[1maws_vpc_security_group_ingress_rule.app_from_alb: Creating...[0m[0m
[0m[1maws_vpc_security_group_egress_rule.app_to_rds: Creating...[0m[0m
[0m[1maws_vpc_security_group_egress_rule.app_https_out: Creating...[0m[0m
[0m[1maws_vpc_security_group_ingress_rule.rds_from_app: Creating...[0m[0m
[0m[1maws_vpc_security_group_egress_rule.app_http_out: Creating...[0m[0m
[0m[1maws_vpc_security_group_egress_rule.alb_to_app: Creating...[0m[0m
[0m[1maws_security_group.generator: Creation complete after 2s [id=sg-0fd29ff9d91f3c568][0m
[0m[1maws_vpc_security_group_ingress_rule.alb_https_from_generator: Creating...[0m[0m
[0m[1maws_vpc_security_group_egress_rule.app_http_out: Creation complete after 1s [id=sgr-0d2bb76a21c4ea8f2][0m
[0m[1maws_vpc_security_group_egress_rule.generator_all: Creating...[0m[0m
[0m[1maws_vpc_security_group_egress_rule.alb_to_app: Creation complete after 1s [id=sgr-0a09537cf3a09c3f4][0m
[0m[1maws_vpc_security_group_ingress_rule.rds_from_app: Creation complete after 1s [id=sgr-077fd616e8786619f][0m
[0m[1maws_vpc_security_group_ingress_rule.alb_http_from_generator: Creating...[0m[0m
[0m[1maws_vpc_security_group_ingress_rule.app_from_alb: Creation complete after 1s [id=sgr-01bccb7181c11b9e3][0m
[0m[1maws_vpc_security_group_egress_rule.app_https_out: Creation complete after 1s [id=sgr-0a7b7b0e091ca1353][0m
[0m[1maws_vpc_security_group_ingress_rule.alb_https_from_generator: Creation complete after 1s [id=sgr-072aa30b4493d5dbb][0m
[0m[1maws_vpc_security_group_egress_rule.app_to_rds: Creation complete after 1s [id=sgr-02b861b2d834d6a60][0m
[0m[1maws_vpc_security_group_egress_rule.generator_all: Creation complete after 0s [id=sgr-0f234cc5560748d4e][0m
[0m[1maws_vpc_security_group_ingress_rule.alb_http_from_generator: Creation complete after 0s [id=sgr-048b603d55f0f0d35][0m
[0m[1maws_subnet.private[1]: Creation complete after 3s [id=subnet-070d50d91e06c28d3][0m
[0m[1maws_route_table_association.private[0]: Creating...[0m[0m
[0m[1maws_db_subnet_group.main: Creating...[0m[0m
[0m[1maws_route_table_association.private[1]: Creating...[0m[0m
[0m[1maws_lb.main: Creating...[0m[0m
[0m[1maws_route_table_association.private[1]: Creation complete after 1s [id=rtbassoc-0cf8f8ff2d827b476][0m
[0m[1maws_route_table_association.private[0]: Creation complete after 1s [id=rtbassoc-0a3ac03804ff4f163][0m
[0m[1maws_db_subnet_group.main: Creation complete after 1s [id=cwm-bench-typical-scale-2x-r3-20261009][0m
[0m[1maws_db_instance.main: Creating...[0m[0m
[0m[1maws_subnet.public[1]: Still creating... [10s elapsed][0m[0m
[0m[1maws_subnet.public[0]: Still creating... [10s elapsed][0m[0m
[0m[1maws_subnet.public[1]: Creation complete after 11s [id=subnet-0ad4dca5ecbf9014b][0m
[0m[1maws_subnet.public[0]: Creation complete after 11s [id=subnet-08637494ba5566dd1][0m
[0m[1maws_route_table_association.public[0]: Creating...[0m[0m
[0m[1maws_route_table_association.public[1]: Creating...[0m[0m
[0m[1maws_route_table_association.public[1]: Creation complete after 1s [id=rtbassoc-023dd624cc410224a][0m
[0m[1maws_route_table_association.public[0]: Creation complete after 1s [id=rtbassoc-07ae99183efd921a3][0m
[0m[1maws_lb.main: Still creating... [10s elapsed][0m[0m
[0m[1maws_db_instance.main: Still creating... [10s elapsed][0m[0m
[0m[1maws_lb.main: Still creating... [20s elapsed][0m[0m
[0m[1maws_db_instance.main: Still creating... [20s elapsed][0m[0m
[0m[1maws_lb.main: Still creating... [30s elapsed][0m[0m
[0m[1maws_db_instance.main: Still creating... [30s elapsed][0m[0m
[0m[1maws_lb.main: Still creating... [40s elapsed][0m[0m
[0m[1maws_db_instance.main: Still creating... [40s elapsed][0m[0m
[0m[1maws_lb.main: Still creating... [50s elapsed][0m[0m
[0m[1maws_db_instance.main: Still creating... [50s elapsed][0m[0m
[0m[1maws_lb.main: Still creating... [1m0s elapsed][0m[0m
[0m[1maws_db_instance.main: Still creating... [1m0s elapsed][0m[0m
[0m[1maws_lb.main: Still creating... [1m10s elapsed][0m[0m
[0m[1maws_db_instance.main: Still creating... [1m10s elapsed][0m[0m
[0m[1maws_lb.main: Still creating... [1m20s elapsed][0m[0m
[0m[1maws_db_instance.main: Still creating... [1m20s elapsed][0m[0m
[0m[1maws_lb.main: Still creating... [1m30s elapsed][0m[0m
[0m[1maws_db_instance.main: Still creating... [1m30s elapsed][0m[0m
[0m[1maws_lb.main: Still creating... [1m40s elapsed][0m[0m
[0m[1maws_db_instance.main: Still creating... [1m40s elapsed][0m[0m
[0m[1maws_lb.main: Still creating... [1m50s elapsed][0m[0m
[0m[1maws_db_instance.main: Still creating... [1m50s elapsed][0m[0m
[0m[1maws_lb.main: Still creating... [2m1s elapsed][0m[0m
[0m[1maws_db_instance.main: Still creating... [2m0s elapsed][0m[0m
[0m[1maws_lb.main: Still creating... [2m11s elapsed][0m[0m
[0m[1maws_db_instance.main: Still creating... [2m10s elapsed][0m[0m
[0m[1maws_lb.main: Still creating... [2m21s elapsed][0m[0m
[0m[1maws_db_instance.main: Still creating... [2m20s elapsed][0m[0m
[0m[1maws_lb.main: Creation complete after 2m23s [id=arn:aws:elasticloadbalancing:us-east-2:REDACTED:loadbalancer/app/cwm-bench-alb/87f74901a645bbaf][0m
[0m[1maws_lb_listener.http: Creating...[0m[0m
[0m[1maws_instance.generator: Creating...[0m[0m
[0m[1maws_lb_listener.http: Creation complete after 0s [id=arn:aws:elasticloadbalancing:us-east-2:REDACTED:listener/app/cwm-bench-alb/87f74901a645bbaf/fb408d02f95a0472][0m
[0m[1maws_db_instance.main: Still creating... [2m30s elapsed][0m[0m
[0m[1maws_instance.generator: Still creating... [10s elapsed][0m[0m
[0m[1maws_instance.generator: Creation complete after 14s [id=i-0cfaa9f0b67d2ea03][0m
[0m[1maws_db_instance.main: Still creating... [2m40s elapsed][0m[0m
[0m[1maws_db_instance.main: Still creating... [2m50s elapsed][0m[0m
[0m[1maws_db_instance.main: Still creating... [3m0s elapsed][0m[0m
[0m[1maws_db_instance.main: Still creating... [3m10s elapsed][0m[0m
[0m[1maws_db_instance.main: Still creating... [3m20s elapsed][0m[0m
[0m[1maws_db_instance.main: Still creating... [3m30s elapsed][0m[0m
[0m[1maws_db_instance.main: Still creating... [3m40s elapsed][0m[0m
[0m[1maws_db_instance.main: Still creating... [3m50s elapsed][0m[0m
[0m[1maws_db_instance.main: Still creating... [4m0s elapsed][0m[0m
[0m[1maws_db_instance.main: Still creating... [4m10s elapsed][0m[0m
[0m[1maws_db_instance.main: Still creating... [4m20s elapsed][0m[0m
[0m[1maws_db_instance.main: Still creating... [4m30s elapsed][0m[0m
[0m[1maws_db_instance.main: Still creating... [4m40s elapsed][0m[0m
[0m[1maws_db_instance.main: Still creating... [4m50s elapsed][0m[0m
[0m[1maws_db_instance.main: Still creating... [5m0s elapsed][0m[0m
[0m[1maws_db_instance.main: Still creating... [5m10s elapsed][0m[0m
[0m[1maws_db_instance.main: Still creating... [5m20s elapsed][0m[0m
[0m[1maws_db_instance.main: Still creating... [5m30s elapsed][0m[0m
[0m[1maws_db_instance.main: Still creating... [5m40s elapsed][0m[0m
[0m[1maws_db_instance.main: Still creating... [5m50s elapsed][0m[0m
[0m[1maws_db_instance.main: Still creating... [6m0s elapsed][0m[0m
[0m[1maws_db_instance.main: Still creating... [6m10s elapsed][0m[0m
[0m[1maws_db_instance.main: Creation complete after 6m17s [id=db-NJGYJJ4RXZLNUITX4LI6DF4GM4][0m
[0m[1maws_instance.app[0]: Creating...[0m[0m
[0m[1maws_instance.app[1]: Creating...[0m[0m
[0m[1maws_instance.app[0]: Still creating... [10s elapsed][0m[0m
[0m[1maws_instance.app[1]: Still creating... [10s elapsed][0m[0m
[0m[1maws_instance.app[1]: Creation complete after 14s [id=i-03cfffe51ba4293b8][0m
[0m[1maws_instance.app[0]: Creation complete after 14s [id=i-09f0c9aa37ad16cea][0m
[0m[1maws_lb_target_group_attachment.app[1]: Creating...[0m[0m
[0m[1maws_lb_target_group_attachment.app[0]: Creating...[0m[0m
[0m[1maws_cloudwatch_dashboard.main: Creating...[0m[0m
[0m[1maws_lb_target_group_attachment.app[0]: Creation complete after 0s [id=arn:aws:elasticloadbalancing:us-east-2:REDACTED:targetgroup/cwm-bench-app/ffa918ce1ea8a08e-20261009161031316800000007][0m
[0m[1maws_lb_target_group_attachment.app[1]: Creation complete after 0s [id=arn:aws:elasticloadbalancing:us-east-2:REDACTED:targetgroup/cwm-bench-app/ffa918ce1ea8a08e-20261009161031371000000008][0m
[0m[1maws_cloudwatch_dashboard.main: Creation complete after 1s [id=cwm-bench-typical-scale-2x-r3-20261009][0m
[0m[1m[32m
Apply complete! Resources: 43 added, 0 changed, 0 destroyed.
[0m[0m[1m[32m
Outputs:

[0malb_arn = "arn:aws:elasticloadbalancing:us-east-2:REDACTED:loadbalancer/app/cwm-bench-alb/87f74901a645bbaf"
alb_dns = "internal-cwm-bench-alb-795303757.us-east-2.elb.amazonaws.com"
ami_source = "variable"
app_instance_ids = [
  "i-09f0c9aa37ad16cea",
  "i-03cfffe51ba4293b8",
]
app_root_volume_ids = [
  "vol-0b53688474c4de368",
  "vol-062166f6df211c077",
]
dashboard_url = "https://us-east-2.console.aws.amazon.com/cloudwatch/home?region=us-east-2#dashboards:name=cwm-bench-typical-scale-2x-r3-20261009"
generator_instance_id = "i-0cfaa9f0b67d2ea03"
generator_ip = "18.116.43.21"
gp2_notes = {
  "app_root_baseline_iops" = 90
  "app_root_gb" = 30
  "burst_iops" = 3000
  "rds_baseline_iops" = 300
  "rds_gb" = 100
  "third_error_bucket" = "BurstBalance=0 is iops_throttle, distinct from CPU and DB connection failures"
}
rds_endpoint = "cwm-bench-typical-scale-2x-r3-20261009.cbqk8seu0evo.us-east-2.rds.amazonaws.com"
rds_identifier = "cwm-bench-typical-scale-2x-r3-20261009"
resolved_ami_id = <sensitive>
target_group_arn = "arn:aws:elasticloadbalancing:us-east-2:REDACTED:targetgroup/cwm-bench-app/ffa918ce1ea8a08e"
topology_declaration = {
  "alb" = "application"
  "app_count" = 2
  "app_instance_type" = "m5.large"
  "app_pool_size" = 250
  "db_engine" = "mysql"
  "db_engine_version" = "8.0"
  "db_instance_class" = "db.r5.large"
  "db_multi_az" = false
  "generator_instance_type" = "c6i.xlarge"
  "mysql_max_connections" = 500
  "region" = "us-east-2"
  "test_id" = "typical-scale-2x-r3-20261009"
}
