[0m[1mrandom_password.db: Creating...[0m[0m
[0m[1mrandom_password.db: Creation complete after 0s [id=none][0m
[0m[1maws_ssm_parameter.db_password: Creating...[0m[0m
[0m[1maws_vpc.main: Creating...[0m[0m
[0m[1maws_iam_role.ec2: Creating...[0m[0m
[0m[1maws_db_parameter_group.main: Creating...[0m[0m
[0m[1maws_ssm_parameter.db_password: Creation complete after 0s [id=/cwm-bench/typical-scale-1x-r3-20261009/db-password][0m
[0m[1mdata.aws_iam_policy_document.app_ssm_db: Reading...[0m[0m
[0m[1mdata.aws_iam_policy_document.app_ssm_db: Read complete after 0s [id=2281389374][0m
[0m[1maws_iam_role.ec2: Creation complete after 0s [id=cwm-bench-ec2-typical-scale-1x-r3-20261009][0m
[0m[1maws_iam_role_policy_attachment.ssm: Creating...[0m[0m
[0m[1maws_iam_role_policy.app_ssm_db: Creating...[0m[0m
[0m[1maws_iam_instance_profile.ec2: Creating...[0m[0m
[0m[1maws_iam_role_policy_attachment.ssm: Creation complete after 1s [id=cwm-bench-ec2-typical-scale-1x-r3-20261009-20261009175057431400000001][0m
[0m[1maws_iam_role_policy.app_ssm_db: Creation complete after 1s [id=cwm-bench-ec2-typical-scale-1x-r3-20261009:read-db-password][0m
[0m[1maws_db_parameter_group.main: Creation complete after 1s [id=cwm-bench-typical-scale-1x-r3-20261009][0m
[0m[1maws_iam_instance_profile.ec2: Creation complete after 7s [id=cwm-bench-ec2-typical-scale-1x-r3-20261009][0m
[0m[1maws_vpc.main: Still creating... [10s elapsed][0m[0m
[0m[1maws_vpc.main: Creation complete after 12s [id=vpc-0084a1f82769fffeb][0m
[0m[1maws_internet_gateway.main: Creating...[0m[0m
[0m[1maws_security_group.rds: Creating...[0m[0m
[0m[1maws_subnet.private[0]: Creating...[0m[0m
[0m[1maws_subnet.private[1]: Creating...[0m[0m
[0m[1maws_subnet.public[1]: Creating...[0m[0m
[0m[1maws_security_group.alb: Creating...[0m[0m
[0m[1maws_security_group.app: Creating...[0m[0m
[0m[1maws_subnet.public[0]: Creating...[0m[0m
[0m[1maws_route_table.private: Creating...[0m[0m
[0m[1maws_lb_target_group.app: Creating...[0m[0m
[0m[1maws_route_table.private: Creation complete after 1s [id=rtb-0686aa0039598e8b7][0m
[0m[1maws_security_group.generator: Creating...[0m[0m
[0m[1maws_internet_gateway.main: Creation complete after 1s [id=igw-0de71488b413ae54e][0m
[0m[1maws_route_table.public: Creating...[0m[0m
[0m[1maws_subnet.private[0]: Creation complete after 1s [id=subnet-0b2e25bf6180d85a9][0m
[0m[1maws_lb_target_group.app: Creation complete after 2s [id=arn:aws:elasticloadbalancing:us-east-2:REDACTED:targetgroup/cwm-bench-app/2cd0026284dc2d40][0m
[0m[1maws_security_group.alb: Creation complete after 2s [id=sg-0d295f0a761aab999][0m
[0m[1maws_security_group.rds: Creation complete after 2s [id=sg-0033070b6a5dd0402][0m
[0m[1maws_route_table.public: Creation complete after 1s [id=rtb-0c7cd293bd2d3313c][0m
[0m[1maws_security_group.app: Creation complete after 2s [id=sg-0784e3ea1100d202e][0m
[0m[1maws_vpc_security_group_ingress_rule.app_from_alb: Creating...[0m[0m
[0m[1maws_vpc_security_group_egress_rule.app_to_rds: Creating...[0m[0m
[0m[1maws_vpc_security_group_egress_rule.alb_to_app: Creating...[0m[0m
[0m[1maws_vpc_security_group_egress_rule.app_https_out: Creating...[0m[0m
[0m[1maws_vpc_security_group_egress_rule.app_http_out: Creating...[0m[0m
[0m[1maws_vpc_security_group_ingress_rule.rds_from_app: Creating...[0m[0m
[0m[1maws_security_group.generator: Creation complete after 2s [id=sg-02582c3ba33d6ca4b][0m
[0m[1maws_vpc_security_group_ingress_rule.alb_http_from_generator: Creating...[0m[0m
[0m[1maws_vpc_security_group_egress_rule.app_https_out: Creation complete after 0s [id=sgr-0b0004a4f6727737a][0m
[0m[1maws_vpc_security_group_egress_rule.generator_all: Creating...[0m[0m
[0m[1maws_vpc_security_group_egress_rule.alb_to_app: Creation complete after 0s [id=sgr-08ad76a5c0d8e7df1][0m
[0m[1maws_vpc_security_group_ingress_rule.alb_https_from_generator: Creating...[0m[0m
[0m[1maws_vpc_security_group_ingress_rule.rds_from_app: Creation complete after 0s [id=sgr-0992ef27617c96630][0m
[0m[1maws_vpc_security_group_ingress_rule.app_from_alb: Creation complete after 1s [id=sgr-02638fe8979c4a796][0m
[0m[1maws_vpc_security_group_egress_rule.app_http_out: Creation complete after 0s [id=sgr-0e11bd5cfd12065e8][0m
[0m[1maws_vpc_security_group_egress_rule.app_to_rds: Creation complete after 0s [id=sgr-0e32cc0d6a73a8e06][0m
[0m[1maws_vpc_security_group_ingress_rule.alb_http_from_generator: Creation complete after 0s [id=sgr-02fec2e7e8db51eee][0m
[0m[1maws_vpc_security_group_egress_rule.generator_all: Creation complete after 1s [id=sgr-030bc83d4dee43586][0m
[0m[1maws_vpc_security_group_ingress_rule.alb_https_from_generator: Creation complete after 1s [id=sgr-09565dc5cc7df129f][0m
[0m[1maws_subnet.private[1]: Creation complete after 4s [id=subnet-0169f195a85e18b7f][0m
[0m[1maws_route_table_association.private[0]: Creating...[0m[0m
[0m[1maws_route_table_association.private[1]: Creating...[0m[0m
[0m[1maws_db_subnet_group.main: Creating...[0m[0m
[0m[1maws_lb.main: Creating...[0m[0m
[0m[1maws_route_table_association.private[0]: Creation complete after 1s [id=rtbassoc-0006f6ea264070773][0m
[0m[1maws_route_table_association.private[1]: Creation complete after 1s [id=rtbassoc-009277b9eebc23c6f][0m
[0m[1maws_db_subnet_group.main: Creation complete after 1s [id=cwm-bench-typical-scale-1x-r3-20261009][0m
[0m[1maws_db_instance.main: Creating...[0m[0m
[0m[1maws_subnet.public[1]: Still creating... [10s elapsed][0m[0m
[0m[1maws_subnet.public[0]: Still creating... [10s elapsed][0m[0m
[0m[1maws_subnet.public[0]: Creation complete after 13s [id=subnet-0f260d8bfbd3a458b][0m
[0m[1maws_subnet.public[1]: Creation complete after 14s [id=subnet-046222217b0bed397][0m
[0m[1maws_route_table_association.public[0]: Creating...[0m[0m
[0m[1maws_route_table_association.public[1]: Creating...[0m[0m
[0m[1maws_lb.main: Still creating... [10s elapsed][0m[0m
[0m[1maws_route_table_association.public[1]: Creation complete after 1s [id=rtbassoc-08398a6ebaf0e1c2d][0m
[0m[1maws_route_table_association.public[0]: Creation complete after 1s [id=rtbassoc-028c59ed4f38a5f0e][0m
[0m[1maws_db_instance.main: Still creating... [10s elapsed][0m[0m
[0m[1maws_lb.main: Still creating... [20s elapsed][0m[0m
[0m[1maws_db_instance.main: Still creating... [20s elapsed][0m[0m
[0m[1maws_lb.main: Still creating... [30s elapsed][0m[0m
[0m[1maws_db_instance.main: Still creating... [30s elapsed][0m[0m
[0m[1maws_lb.main: Still creating... [40s elapsed][0m[0m
[0m[1maws_db_instance.main: Still creating... [40s elapsed][0m[0m
[0m[1maws_lb.main: Still creating... [50s elapsed][0m[0m
[0m[1maws_db_instance.main: Still creating... [50s elapsed][0m[0m
[0m[1maws_lb.main: Still creating... [1m0s elapsed][0m[0m
[0m[1maws_db_instance.main: Still creating... [1m0s elapsed][0m[0m
[0m[1maws_lb.main: Still creating... [1m10s elapsed][0m[0m
[0m[1maws_db_instance.main: Still creating... [1m10s elapsed][0m[0m
[0m[1maws_lb.main: Still creating... [1m20s elapsed][0m[0m
[0m[1maws_db_instance.main: Still creating... [1m21s elapsed][0m[0m
[0m[1maws_lb.main: Still creating... [1m30s elapsed][0m[0m
[0m[1maws_db_instance.main: Still creating... [1m31s elapsed][0m[0m
[0m[1maws_lb.main: Still creating... [1m40s elapsed][0m[0m
[0m[1maws_db_instance.main: Still creating... [1m41s elapsed][0m[0m
[0m[1maws_lb.main: Still creating... [1m50s elapsed][0m[0m
[0m[1maws_db_instance.main: Still creating... [1m51s elapsed][0m[0m
[0m[1maws_lb.main: Still creating... [2m0s elapsed][0m[0m
[0m[1maws_db_instance.main: Still creating... [2m1s elapsed][0m[0m
[0m[1maws_lb.main: Still creating... [2m10s elapsed][0m[0m
[0m[1maws_db_instance.main: Still creating... [2m11s elapsed][0m[0m
[0m[1maws_lb.main: Still creating... [2m20s elapsed][0m[0m
[0m[1maws_db_instance.main: Still creating... [2m21s elapsed][0m[0m
[0m[1maws_lb.main: Creation complete after 2m22s [id=arn:aws:elasticloadbalancing:us-east-2:REDACTED:loadbalancer/app/cwm-bench-alb/3d8f38801ab9c805][0m
[0m[1maws_lb_listener.http: Creating...[0m[0m
[0m[1maws_instance.generator: Creating...[0m[0m
[0m[1maws_lb_listener.http: Creation complete after 1s [id=arn:aws:elasticloadbalancing:us-east-2:REDACTED:listener/app/cwm-bench-alb/3d8f38801ab9c805/88fca1e9f6c6a288][0m
[0m[1maws_db_instance.main: Still creating... [2m31s elapsed][0m[0m
[0m[1maws_instance.generator: Still creating... [10s elapsed][0m[0m
[0m[1maws_instance.generator: Creation complete after 14s [id=i-0cf97d9f3d42783c0][0m
[0m[1maws_db_instance.main: Still creating... [2m41s elapsed][0m[0m
[0m[1maws_db_instance.main: Still creating... [2m51s elapsed][0m[0m
[0m[1maws_db_instance.main: Still creating... [3m1s elapsed][0m[0m
[0m[1maws_db_instance.main: Still creating... [3m11s elapsed][0m[0m
[0m[1maws_db_instance.main: Still creating... [3m21s elapsed][0m[0m
[0m[1maws_db_instance.main: Still creating... [3m31s elapsed][0m[0m
[0m[1maws_db_instance.main: Still creating... [3m41s elapsed][0m[0m
[0m[1maws_db_instance.main: Still creating... [3m51s elapsed][0m[0m
[0m[1maws_db_instance.main: Still creating... [4m1s elapsed][0m[0m
[0m[1maws_db_instance.main: Still creating... [4m11s elapsed][0m[0m
[0m[1maws_db_instance.main: Still creating... [4m21s elapsed][0m[0m
[0m[1maws_db_instance.main: Still creating... [4m31s elapsed][0m[0m
[0m[1maws_db_instance.main: Still creating... [4m41s elapsed][0m[0m
[0m[1maws_db_instance.main: Still creating... [4m51s elapsed][0m[0m
[0m[1maws_db_instance.main: Still creating... [5m1s elapsed][0m[0m
[0m[1maws_db_instance.main: Still creating... [5m11s elapsed][0m[0m
[0m[1maws_db_instance.main: Still creating... [5m21s elapsed][0m[0m
[0m[1maws_db_instance.main: Still creating... [5m31s elapsed][0m[0m
[0m[1maws_db_instance.main: Still creating... [5m41s elapsed][0m[0m
[0m[1maws_db_instance.main: Still creating... [5m51s elapsed][0m[0m
[0m[1maws_db_instance.main: Still creating... [6m1s elapsed][0m[0m
[0m[1maws_db_instance.main: Still creating... [6m11s elapsed][0m[0m
[0m[1maws_db_instance.main: Still creating... [6m21s elapsed][0m[0m
[0m[1maws_db_instance.main: Creation complete after 6m28s [id=db-ZITLKKCHL4AA6RVS6P3COIQM6M][0m
[0m[1maws_instance.app[0]: Creating...[0m[0m
[0m[1maws_instance.app[0]: Still creating... [10s elapsed][0m[0m
[0m[1maws_instance.app[0]: Creation complete after 14s [id=i-0eda4fba691126d28][0m
[0m[1maws_lb_target_group_attachment.app[0]: Creating...[0m[0m
[0m[1maws_cloudwatch_dashboard.main: Creating...[0m[0m
[0m[1maws_lb_target_group_attachment.app[0]: Creation complete after 0s [id=arn:aws:elasticloadbalancing:us-east-2:REDACTED:targetgroup/cwm-bench-app/2cd0026284dc2d40-20261009175756295000000006][0m
[0m[1maws_cloudwatch_dashboard.main: Creation complete after 2s [id=cwm-bench-typical-scale-1x-r3-20261009][0m
[0m[1m[32m
Apply complete! Resources: 41 added, 0 changed, 0 destroyed.
[0m[0m[1m[32m
Outputs:

[0malb_arn = "arn:aws:elasticloadbalancing:us-east-2:REDACTED:loadbalancer/app/cwm-bench-alb/3d8f38801ab9c805"
alb_dns = "internal-cwm-bench-alb-1078625330.us-east-2.elb.amazonaws.com"
ami_source = "variable"
app_instance_ids = [
  "i-0eda4fba691126d28",
]
app_root_volume_ids = [
  "vol-0f50326884169028a",
]
dashboard_url = "https://us-east-2.console.aws.amazon.com/cloudwatch/home?region=us-east-2#dashboards:name=cwm-bench-typical-scale-1x-r3-20261009"
generator_instance_id = "i-0cf97d9f3d42783c0"
generator_ip = "3.12.149.53"
gp2_notes = {
  "app_root_baseline_iops" = 90
  "app_root_gb" = 30
  "burst_iops" = 3000
  "rds_baseline_iops" = 300
  "rds_gb" = 100
  "third_error_bucket" = "BurstBalance=0 is iops_throttle, distinct from CPU and DB connection failures"
}
rds_endpoint = "cwm-bench-typical-scale-1x-r3-20261009.cbqk8seu0evo.us-east-2.rds.amazonaws.com"
rds_identifier = "cwm-bench-typical-scale-1x-r3-20261009"
resolved_ami_id = <sensitive>
target_group_arn = "arn:aws:elasticloadbalancing:us-east-2:REDACTED:targetgroup/cwm-bench-app/2cd0026284dc2d40"
topology_declaration = {
  "alb" = "application"
  "app_count" = 1
  "app_instance_type" = "m5.large"
  "app_pool_size" = 250
  "db_engine" = "mysql"
  "db_engine_version" = "8.0"
  "db_instance_class" = "db.r5.large"
  "db_multi_az" = false
  "generator_instance_type" = "c6i.xlarge"
  "mysql_max_connections" = 500
  "region" = "us-east-2"
  "test_id" = "typical-scale-1x-r3-20261009"
}
