[0m[1mrandom_password.db: Creating...[0m[0m
[0m[1mrandom_password.db: Creation complete after 0s [id=none][0m
[0m[1maws_db_parameter_group.main: Creating...[0m[0m
[0m[1maws_iam_role.ec2: Creating...[0m[0m
[0m[1maws_vpc.main: Creating...[0m[0m
[0m[1maws_ssm_parameter.db_password: Creating...[0m[0m
[0m[1maws_ssm_parameter.db_password: Creation complete after 0s [id=/cwm-bench/typical-scale-2x-r1-20261006/db-password][0m
[0m[1mdata.aws_iam_policy_document.app_ssm_db: Reading...[0m[0m
[0m[1mdata.aws_iam_policy_document.app_ssm_db: Read complete after 0s [id=2311765875][0m
[0m[1maws_iam_role.ec2: Creation complete after 0s [id=cwm-bench-ec2-typical-scale-2x-r1-20261006][0m
[0m[1maws_iam_role_policy.app_ssm_db: Creating...[0m[0m
[0m[1maws_iam_role_policy_attachment.ssm: Creating...[0m[0m
[0m[1maws_iam_instance_profile.ec2: Creating...[0m[0m
[0m[1maws_iam_role_policy.app_ssm_db: Creation complete after 1s [id=cwm-bench-ec2-typical-scale-2x-r1-20261006:read-db-password][0m
[0m[1maws_iam_role_policy_attachment.ssm: Creation complete after 1s [id=cwm-bench-ec2-typical-scale-2x-r1-20261006-20261006190903637800000001][0m
[0m[1maws_db_parameter_group.main: Creation complete after 1s [id=cwm-bench-typical-scale-2x-r1-20261006][0m
[0m[1maws_iam_instance_profile.ec2: Creation complete after 7s [id=cwm-bench-ec2-typical-scale-2x-r1-20261006][0m
[0m[1maws_vpc.main: Still creating... [10s elapsed][0m[0m
[0m[1maws_vpc.main: Creation complete after 12s [id=vpc-084ca20d5d3522967][0m
[0m[1maws_security_group.app: Creating...[0m[0m
[0m[1maws_security_group.generator: Creating...[0m[0m
[0m[1maws_subnet.public[0]: Creating...[0m[0m
[0m[1maws_route_table.private: Creating...[0m[0m
[0m[1maws_security_group.rds: Creating...[0m[0m
[0m[1maws_subnet.public[1]: Creating...[0m[0m
[0m[1maws_subnet.private[1]: Creating...[0m[0m
[0m[1maws_subnet.private[0]: Creating...[0m[0m
[0m[1maws_security_group.alb: Creating...[0m[0m
[0m[1maws_lb_target_group.app: Creating...[0m[0m
[0m[1maws_route_table.private: Creation complete after 1s [id=rtb-0821f11c28d4dab17][0m
[0m[1maws_internet_gateway.main: Creating...[0m[0m
[0m[1maws_subnet.private[1]: Creation complete after 1s [id=subnet-0b648b1260c01cf48][0m
[0m[1maws_subnet.private[0]: Creation complete after 1s [id=subnet-0920a4cd4aec7f240][0m
[0m[1maws_route_table_association.private[0]: Creating...[0m[0m
[0m[1maws_db_subnet_group.main: Creating...[0m[0m
[0m[1maws_internet_gateway.main: Creation complete after 0s [id=igw-0c5ec9cec2ab26b01][0m
[0m[1maws_route_table_association.private[1]: Creating...[0m[0m
[0m[1maws_lb_target_group.app: Creation complete after 1s [id=arn:aws:elasticloadbalancing:us-east-2:REDACTED:targetgroup/cwm-bench-app/8901a740c5ea0e06][0m
[0m[1maws_route_table.public: Creating...[0m[0m
[0m[1maws_route_table_association.private[0]: Creation complete after 1s [id=rtbassoc-060bc89701de3bbd0][0m
[0m[1maws_route_table_association.private[1]: Creation complete after 1s [id=rtbassoc-0b740dc73062aecd3][0m
[0m[1maws_security_group.app: Creation complete after 2s [id=sg-02df60693428009f1][0m
[0m[1maws_vpc_security_group_egress_rule.app_https_out: Creating...[0m[0m
[0m[1maws_vpc_security_group_egress_rule.app_http_out: Creating...[0m[0m
[0m[1maws_vpc_security_group_egress_rule.app_http_out: Creation complete after 0s [id=sgr-06171c82ce07b8ba1][0m
[0m[1maws_vpc_security_group_egress_rule.app_https_out: Creation complete after 0s [id=sgr-0c0dbd56936bb8761][0m
[0m[1maws_security_group.generator: Creation complete after 2s [id=sg-0d4a66c2f01d7fc66][0m
[0m[1maws_vpc_security_group_egress_rule.generator_all: Creating...[0m[0m
[0m[1maws_db_subnet_group.main: Creation complete after 1s [id=cwm-bench-typical-scale-2x-r1-20261006][0m
[0m[1maws_route_table.public: Creation complete after 2s [id=rtb-08c9a8143242197d2][0m
[0m[1maws_vpc_security_group_egress_rule.generator_all: Creation complete after 1s [id=sgr-0664cad466a6b2383][0m
[0m[1maws_security_group.rds: Creation complete after 3s [id=sg-076dbd26069d5a746][0m
[0m[1maws_vpc_security_group_ingress_rule.rds_from_app: Creating...[0m[0m
[0m[1maws_vpc_security_group_egress_rule.app_to_rds: Creating...[0m[0m
[0m[1maws_db_instance.main: Creating...[0m[0m
[0m[1maws_security_group.alb: Creation complete after 3s [id=sg-0506a74d941b31b18][0m
[0m[1maws_vpc_security_group_egress_rule.alb_to_app: Creating...[0m[0m
[0m[1maws_vpc_security_group_ingress_rule.alb_https_from_generator: Creating...[0m[0m
[0m[1maws_vpc_security_group_ingress_rule.app_from_alb: Creating...[0m[0m
[0m[1maws_lb.main: Creating...[0m[0m
[0m[1maws_vpc_security_group_ingress_rule.alb_http_from_generator: Creating...[0m[0m
[0m[1maws_vpc_security_group_ingress_rule.rds_from_app: Creation complete after 0s [id=sgr-06a2e0e59cc38cfae][0m
[0m[1maws_vpc_security_group_egress_rule.app_to_rds: Creation complete after 0s [id=sgr-0eeca6b441b934c8c][0m
[0m[1maws_vpc_security_group_ingress_rule.alb_https_from_generator: Creation complete after 0s [id=sgr-06a85cfe6a6929887][0m
[0m[1maws_vpc_security_group_ingress_rule.app_from_alb: Creation complete after 0s [id=sgr-00b25638325dd8e72][0m
[0m[1maws_vpc_security_group_egress_rule.alb_to_app: Creation complete after 0s [id=sgr-0e6f4a5f7616207f1][0m
[0m[1maws_vpc_security_group_ingress_rule.alb_http_from_generator: Creation complete after 0s [id=sgr-01e4659e259a4480f][0m
[0m[1maws_subnet.public[0]: Still creating... [10s elapsed][0m[0m
[0m[1maws_subnet.public[1]: Still creating... [10s elapsed][0m[0m
[0m[1maws_subnet.public[0]: Creation complete after 11s [id=subnet-0d17f15f9665152a3][0m
[0m[1maws_db_instance.main: Still creating... [10s elapsed][0m[0m
[0m[1maws_lb.main: Still creating... [10s elapsed][0m[0m
[0m[1maws_subnet.public[1]: Creation complete after 13s [id=subnet-0ad5cef6e146a9412][0m
[0m[1maws_route_table_association.public[1]: Creating...[0m[0m
[0m[1maws_route_table_association.public[0]: Creating...[0m[0m
[0m[1maws_route_table_association.public[1]: Creation complete after 0s [id=rtbassoc-087677207bc18ba2c][0m
[0m[1maws_route_table_association.public[0]: Creation complete after 0s [id=rtbassoc-0aa55b302eed3596d][0m
[0m[1maws_db_instance.main: Still creating... [20s elapsed][0m[0m
[0m[1maws_lb.main: Still creating... [20s elapsed][0m[0m
[0m[1maws_db_instance.main: Still creating... [30s elapsed][0m[0m
[0m[1maws_lb.main: Still creating... [30s elapsed][0m[0m
[0m[1maws_db_instance.main: Still creating... [40s elapsed][0m[0m
[0m[1maws_lb.main: Still creating... [40s elapsed][0m[0m
[0m[1maws_db_instance.main: Still creating... [50s elapsed][0m[0m
[0m[1maws_lb.main: Still creating... [50s elapsed][0m[0m
[0m[1maws_db_instance.main: Still creating... [1m0s elapsed][0m[0m
[0m[1maws_lb.main: Still creating... [1m0s elapsed][0m[0m
[0m[1maws_db_instance.main: Still creating... [1m10s elapsed][0m[0m
[0m[1maws_lb.main: Still creating... [1m10s elapsed][0m[0m
[0m[1maws_db_instance.main: Still creating... [1m20s elapsed][0m[0m
[0m[1maws_lb.main: Still creating... [1m20s elapsed][0m[0m
[0m[1maws_db_instance.main: Still creating... [1m30s elapsed][0m[0m
[0m[1maws_lb.main: Still creating... [1m30s elapsed][0m[0m
[0m[1maws_db_instance.main: Still creating... [1m40s elapsed][0m[0m
[0m[1maws_lb.main: Still creating... [1m40s elapsed][0m[0m
[0m[1maws_db_instance.main: Still creating... [1m50s elapsed][0m[0m
[0m[1maws_lb.main: Still creating... [1m50s elapsed][0m[0m
[0m[1maws_db_instance.main: Still creating... [2m0s elapsed][0m[0m
[0m[1maws_lb.main: Still creating... [2m0s elapsed][0m[0m
[0m[1maws_db_instance.main: Still creating... [2m10s elapsed][0m[0m
[0m[1maws_lb.main: Still creating... [2m10s elapsed][0m[0m
[0m[1maws_db_instance.main: Still creating... [2m20s elapsed][0m[0m
[0m[1maws_lb.main: Still creating... [2m20s elapsed][0m[0m
[0m[1maws_lb.main: Creation complete after 2m22s [id=arn:aws:elasticloadbalancing:us-east-2:REDACTED:loadbalancer/app/cwm-bench-alb/6934e309ae49f066][0m
[0m[1maws_lb_listener.http: Creating...[0m[0m
[0m[1maws_instance.generator: Creating...[0m[0m
[0m[1maws_lb_listener.http: Creation complete after 1s [id=arn:aws:elasticloadbalancing:us-east-2:REDACTED:listener/app/cwm-bench-alb/6934e309ae49f066/110e54bb7ae75243][0m
[0m[1maws_db_instance.main: Still creating... [2m30s elapsed][0m[0m
[0m[1maws_instance.generator: Still creating... [10s elapsed][0m[0m
[0m[1maws_instance.generator: Creation complete after 14s [id=i-092bdd2db2828ce67][0m
[0m[1maws_db_instance.main: Still creating... [2m40s elapsed][0m[0m
[0m[1maws_db_instance.main: Still creating... [2m50s elapsed][0m[0m
[0m[1maws_db_instance.main: Still creating... [3m0s elapsed][0m[0m
[0m[1maws_db_instance.main: Still creating... [3m10s elapsed][0m[0m
[0m[1maws_db_instance.main: Still creating... [3m20s elapsed][0m[0m
[0m[1maws_db_instance.main: Still creating... [3m30s elapsed][0m[0m
[0m[1maws_db_instance.main: Still creating... [3m40s elapsed][0m[0m
[0m[1maws_db_instance.main: Still creating... [3m50s elapsed][0m[0m
[0m[1maws_db_instance.main: Still creating... [4m0s elapsed][0m[0m
[0m[1maws_db_instance.main: Still creating... [4m10s elapsed][0m[0m
[0m[1maws_db_instance.main: Still creating... [4m20s elapsed][0m[0m
[0m[1maws_db_instance.main: Still creating... [4m30s elapsed][0m[0m
[0m[1maws_db_instance.main: Still creating... [4m40s elapsed][0m[0m
[0m[1maws_db_instance.main: Still creating... [4m50s elapsed][0m[0m
[0m[1maws_db_instance.main: Still creating... [5m0s elapsed][0m[0m
[0m[1maws_db_instance.main: Still creating... [5m10s elapsed][0m[0m
[0m[1maws_db_instance.main: Still creating... [5m20s elapsed][0m[0m
[0m[1maws_db_instance.main: Still creating... [5m30s elapsed][0m[0m
[0m[1maws_db_instance.main: Still creating... [5m40s elapsed][0m[0m
[0m[1maws_db_instance.main: Still creating... [5m50s elapsed][0m[0m
[0m[1maws_db_instance.main: Still creating... [6m0s elapsed][0m[0m
[0m[1maws_db_instance.main: Still creating... [6m10s elapsed][0m[0m
[0m[1maws_db_instance.main: Creation complete after 6m17s [id=db-EFRHPURG4KTRWDN6HA6FEZKJMI][0m
[0m[1maws_instance.app[1]: Creating...[0m[0m
[0m[1maws_instance.app[0]: Creating...[0m[0m
[0m[1maws_instance.app[1]: Still creating... [10s elapsed][0m[0m
[0m[1maws_instance.app[0]: Still creating... [10s elapsed][0m[0m
[0m[1maws_instance.app[0]: Creation complete after 14s [id=i-0ec4af1bbb58643fb][0m
[0m[1maws_instance.app[1]: Creation complete after 14s [id=i-01ddbbe7ac22a8e4f][0m
[0m[1maws_lb_target_group_attachment.app[0]: Creating...[0m[0m
[0m[1maws_lb_target_group_attachment.app[1]: Creating...[0m[0m
[0m[1maws_cloudwatch_dashboard.main: Creating...[0m[0m
[0m[1maws_lb_target_group_attachment.app[1]: Creation complete after 1s [id=arn:aws:elasticloadbalancing:us-east-2:REDACTED:targetgroup/cwm-bench-app/8901a740c5ea0e06-20261006191549825200000007][0m
[0m[1maws_lb_target_group_attachment.app[0]: Creation complete after 1s [id=arn:aws:elasticloadbalancing:us-east-2:REDACTED:targetgroup/cwm-bench-app/8901a740c5ea0e06-20261006191549905300000008][0m
[0m[1maws_cloudwatch_dashboard.main: Creation complete after 2s [id=cwm-bench-typical-scale-2x-r1-20261006][0m
[0m[1m[32m
Apply complete! Resources: 43 added, 0 changed, 0 destroyed.
[0m[0m[1m[32m
Outputs:

[0malb_arn = "arn:aws:elasticloadbalancing:us-east-2:REDACTED:loadbalancer/app/cwm-bench-alb/6934e309ae49f066"
alb_dns = "internal-cwm-bench-alb-389735921.us-east-2.elb.amazonaws.com"
ami_source = "variable"
app_instance_ids = [
  "i-0ec4af1bbb58643fb",
  "i-01ddbbe7ac22a8e4f",
]
app_root_volume_ids = [
  "vol-042d59ea6328e49ea",
  "vol-0144b8b005f0dce3f",
]
dashboard_url = "https://us-east-2.console.aws.amazon.com/cloudwatch/home?region=us-east-2#dashboards:name=cwm-bench-typical-scale-2x-r1-20261006"
generator_instance_id = "i-092bdd2db2828ce67"
generator_ip = "3.139.80.37"
gp2_notes = {
  "app_root_baseline_iops" = 90
  "app_root_gb" = 30
  "burst_iops" = 3000
  "rds_baseline_iops" = 300
  "rds_gb" = 100
  "third_error_bucket" = "BurstBalance=0 is iops_throttle, distinct from CPU and DB connection failures"
}
rds_endpoint = "cwm-bench-typical-scale-2x-r1-20261006.cbqk8seu0evo.us-east-2.rds.amazonaws.com"
rds_identifier = "cwm-bench-typical-scale-2x-r1-20261006"
resolved_ami_id = <sensitive>
target_group_arn = "arn:aws:elasticloadbalancing:us-east-2:REDACTED:targetgroup/cwm-bench-app/8901a740c5ea0e06"
topology_declaration = {
  "alb" = "application"
  "app_count" = 2
  "app_instance_type" = "m5.large"
  "app_pool_size" = 250
  "db_engine" = "mysql"
  "db_engine_version" = "8.0"
  "db_instance_class" = "db.r5.large"
  "db_multi_az" = false
  "generator_instance_type" = "c6i.xlarge"
  "mysql_max_connections" = 500
  "region" = "us-east-2"
  "test_id" = "typical-scale-2x-r1-20261006"
}
